GCB-025 full Glazed reindex started at 2026-05-03T18:23:06-04:00
repo=/home/manuel/code/wesen/corporate-headquarters/glazed
db=/home/manuel/code/wesen/corporate-headquarters/codebase-browser/glazed-full-gcb025.db
parallelism=5
binary=codebase-browser version dev
  [commits 1/1577] 4b11cae
  [commits 2/1577] 58e0bd0
  [commits 3/1577] 4b2667c
  [commits 4/1577] 9db6a30
  [commits 5/1577] 5a09a7e
  [commits 6/1577] b50a2ab
  [commits 7/1577] e198068
  [commits 8/1577] 5e7937a
  [commits 9/1577] cca4dbf
  [commits 10/1577] e01db63
  [commits 11/1577] 4c879d9
  [commits 12/1577] be89ce5
  [commits 13/1577] 4b53811
  [commits 14/1577] 86b5afc
  [commits 15/1577] 2310f54
  [commits 16/1577] c3c0b94
  [commits 17/1577] 6d5494a
  [commits 18/1577] 38e146c
  [commits 19/1577] 08154a3
  [commits 20/1577] 0ea0e3e
  [commits 21/1577] 9af29ac
  [commits 22/1577] 99c263e
  [commits 23/1577] f943433
  [commits 24/1577] b0035dd
  [commits 25/1577] 08ed5eb
  [commits 26/1577] 2bf044e
  [commits 27/1577] efc0bc2
  [commits 28/1577] 60317ee
  [commits 29/1577] 9f62a87
  [commits 30/1577] badcb82
  [commits 31/1577] 7e62264
  [commits 32/1577] 7f38ed4
  [commits 33/1577] 9348541
  [commits 34/1577] 2bcbfca
  [commits 35/1577] 18eef8b
  [commits 36/1577] dc9baab
  [commits 37/1577] 3ef4fe0
  [commits 38/1577] 08b8905
  [commits 39/1577] b91e949
  [commits 40/1577] 1a61d7f
  [commits 41/1577] 6d784aa
  [commits 42/1577] 2bc01c9
  [commits 43/1577] 0ad448f
  [commits 44/1577] b2e13ce
  [commits 45/1577] 258e9a8
  [commits 46/1577] 8e7029f
  [commits 47/1577] a9cda9e
  [commits 48/1577] 014c89c
  [commits 49/1577] c82f5db
  [commits 50/1577] 650f5ea
  [commits 51/1577] 37b3162
  [commits 52/1577] 4faaa9d
  [commits 53/1577] b27a2e5
  [commits 54/1577] dc67126
  [commits 55/1577] c390fe7
  [commits 56/1577] eb219dc
  [commits 57/1577] 72e09bc
  [commits 58/1577] 12f0e28
  [commits 59/1577] 57d075b
  [commits 60/1577] f8dd900
  [commits 61/1577] 7d70af7
  [commits 62/1577] 19c91f3
  [commits 63/1577] 2a5603d
  [commits 64/1577] 81f52fc
  [commits 65/1577] 391a62f
  [commits 66/1577] 5600239
  [commits 67/1577] b9b2510
  [commits 68/1577] c9d4001
  [commits 69/1577] 811d260
  [commits 70/1577] 3005dba
  [commits 71/1577] cd4f6d9
  [commits 72/1577] fcfe018
  [commits 73/1577] f13b8df
  [commits 74/1577] a94d873
  [commits 75/1577] c850f23
  [commits 76/1577] 0e0f443
  [commits 77/1577] 3392768
  [commits 78/1577] ef3fdf7
  [commits 79/1577] 5c04291
  [commits 80/1577] 2088c59
  [commits 81/1577] 0bf7314
  [commits 82/1577] b9628f7
  [commits 83/1577] e0b3dd8
  [commits 84/1577] e9180b0
  [commits 85/1577] 1226fec
  [commits 86/1577] ce8ec44
  [commits 87/1577] d674a95
  [commits 88/1577] 0c42b34
  [commits 89/1577] 99b17e0
  [commits 90/1577] e0e341b
  [commits 91/1577] bb73490
  [commits 92/1577] 87016dd
  [commits 93/1577] 1828776
  [commits 94/1577] 8181daa
  [commits 95/1577] 18254a4
  [commits 96/1577] 2a28680
  [commits 97/1577] 907bebc
  [commits 98/1577] 11012f5
  [commits 99/1577] b5eaf44
  [commits 100/1577] 348d0d6
  [commits 101/1577] 697197a
  [commits 102/1577] b4d879a
  [commits 103/1577] fec7ad7
  [commits 104/1577] 5c82e58
  [commits 105/1577] 2d76053
  [commits 106/1577] 3b10090
  [commits 107/1577] f257a6a
  [commits 108/1577] 8669dc6
  [commits 109/1577] 9a5a1ff
  [commits 110/1577] d97240c
  [commits 111/1577] f98a6d3
  [commits 112/1577] a640993
  [commits 113/1577] 71e6c30
  [commits 114/1577] 92f1ccc
  [commits 115/1577] 2437651
  [commits 116/1577] 5fec118
  [commits 117/1577] 4966ed1
  [commits 118/1577] 0530843
  [commits 119/1577] a0cb8bc
  [commits 120/1577] a025c34
  [commits 121/1577] c00afe3
  [commits 122/1577] 5b91c43
  [commits 123/1577] e2aa076
  [commits 124/1577] a9c5455
  [commits 125/1577] f53d59c
  [commits 126/1577] d159986
  [commits 127/1577] eca6aa4
  [commits 128/1577] eae3b82
  [commits 129/1577] 40d4a80
  [commits 130/1577] cca9859
  [commits 131/1577] b856c80
  [commits 132/1577] 9d673f9
  [commits 133/1577] e1120c8
  [commits 134/1577] d6ac109
  [commits 135/1577] 8980e61
  [commits 136/1577] fb2f616
  [commits 137/1577] b33f002
  [commits 138/1577] 5928111
  [commits 139/1577] db2641b
  [commits 140/1577] 3d92e61
  [commits 141/1577] acfbe4e
  [commits 142/1577] ce85c11
  [commits 143/1577] 0d48330
  [commits 144/1577] f6a6573
  [commits 145/1577] b7c3767
  [commits 146/1577] 42e179a
  [commits 147/1577] ddf755f
  [commits 148/1577] 026bab1
  [commits 149/1577] 27108c3
  [commits 150/1577] c6b33e7
  [commits 151/1577] afd8910
  [commits 152/1577] dab80c0
  [commits 153/1577] 637fffe
  [commits 154/1577] 53984d4
  [commits 155/1577] 42e901e
  [commits 156/1577] 4ee7b69
  [commits 157/1577] 43561e3
  [commits 158/1577] 5050915
  [commits 159/1577] 1ff522c
  [commits 160/1577] 0df6e57
  [commits 161/1577] dbdb553
  [commits 162/1577] 2ab1274
  [commits 163/1577] 57c0662
  [commits 164/1577] 59a222d
  [commits 165/1577] 0f0201c
  [commits 166/1577] b84ab3b
  [commits 167/1577] 7283e9e
  [commits 168/1577] c970b65
  [commits 169/1577] 95aba2e
  [commits 170/1577] 70d0f0d
  [commits 171/1577] bab8e96
  [commits 172/1577] 0bd4537
  [commits 173/1577] 7daffab
  [commits 174/1577] 1ab0a39
  [commits 175/1577] 0fe6467
  [commits 176/1577] f7ec5fd
  [commits 177/1577] 2a3240d
  [commits 178/1577] cc669fd
  [commits 179/1577] acdaad2
  [commits 180/1577] bc7a239
  [commits 181/1577] 70eb446
  [commits 182/1577] a9cde8c
  [commits 183/1577] 0cf2caa
  [commits 184/1577] 950e7a1
  [commits 185/1577] 1809a3b
  [commits 186/1577] 09aa519
  [commits 187/1577] bcd2323
  [commits 188/1577] 5e1b45a
  [commits 189/1577] ae65d0f
  [commits 190/1577] ad4e0a5
  [commits 191/1577] 9a2eb75
  [commits 192/1577] 255f477
  [commits 193/1577] 7572939
  [commits 194/1577] 2d2213b
  [commits 195/1577] 9708ee3
  [commits 196/1577] f974c24
  [commits 197/1577] 5bca903
  [commits 198/1577] 2279572
  [commits 199/1577] 46bfb55
  [commits 200/1577] dd5afc2
  [commits 201/1577] 31f39bc
  [commits 202/1577] 4ee64d4
  [commits 203/1577] 991d8bf
  [commits 204/1577] bf7c5b3
  [commits 205/1577] d1ba4af
  [commits 206/1577] f5e6cef
  [commits 207/1577] a24c296
  [commits 208/1577] 1e0ab17
  [commits 209/1577] e69afcb
  [commits 210/1577] ad98867
  [commits 211/1577] d33886c
  [commits 212/1577] 3a767e5
  [commits 213/1577] ae88593
  [commits 214/1577] 0d9583c
  [commits 215/1577] 278269e
  [commits 216/1577] 8ec0697
  [commits 217/1577] 9fbf312
  [commits 218/1577] d58e19e
  [commits 219/1577] 0ab2d15
  [commits 220/1577] 3975aef
  [commits 221/1577] cfa4dee
  [commits 222/1577] a14673c
  [commits 223/1577] 7a64279
  [commits 224/1577] b785a2f
  [commits 225/1577] 635a831
  [commits 226/1577] 0ac9853
  [commits 227/1577] e3c4a02
  [commits 228/1577] 404e09f
  [commits 229/1577] ff3cf80
  [commits 230/1577] efaf0fd
  [commits 231/1577] 73649a7
  [commits 232/1577] 803014f
  [commits 233/1577] 9d163fd
  [commits 234/1577] 59b47c7
  [commits 235/1577] 3ee7a96
  [commits 236/1577] 9f97e98
  [commits 237/1577] a41a0f5
  [commits 238/1577] 8d3b0f9
  [commits 239/1577] 0f0a46e
  [commits 240/1577] 353a102
  [commits 241/1577] 6ac7df6
  [commits 242/1577] 4e0f14f
  [commits 243/1577] 1d3f60f
  [commits 244/1577] 7f5fbb3
  [commits 245/1577] 206f461
  [commits 246/1577] fd2877b
  [commits 247/1577] 3586f36
  [commits 248/1577] 11f358d
  [commits 249/1577] c3f1023
  [commits 250/1577] 3685cc5
  [commits 251/1577] a0b4e90
  [commits 252/1577] 7ad70d8
  [commits 253/1577] 56dfd3d
  [commits 254/1577] 8fcabac
  [commits 255/1577] c76ce17
  [commits 256/1577] 7b9f9cc
  [commits 257/1577] cebc160
  [commits 258/1577] 24b5bbe
  [commits 259/1577] e455738
  [commits 260/1577] c474ac5
  [commits 261/1577] 88d5a39
  [commits 262/1577] 00d5fed
  [commits 263/1577] 37b787d
  [commits 264/1577] 8a9c26e
  [commits 265/1577] 46aa4e7
  [commits 266/1577] 215ef84
  [commits 267/1577] 6844cbf
  [commits 268/1577] 50db9f3
  [commits 269/1577] 5aa6a7b
  [commits 270/1577] 5766e46
  [commits 271/1577] 7874112
  [commits 272/1577] 2a42a04
  [commits 273/1577] 1e1e79f
  [commits 274/1577] a5f5e1f
  [commits 275/1577] 52c5ead
  [commits 276/1577] 1480995
  [commits 277/1577] 4368f2e
  [commits 278/1577] 2425fdd
  [commits 279/1577] 82064e0
  [commits 280/1577] 072de81
  [commits 281/1577] 24d7f57
  [commits 282/1577] e4cd9f3
  [commits 283/1577] 778ca09
  [commits 284/1577] bf850ec
  [commits 285/1577] fadcbab
  [commits 286/1577] 14d6e31
  [commits 287/1577] 140fae2
  [commits 288/1577] 6334890
  [commits 289/1577] 6ef6845
  [commits 290/1577] 8feeada
  [commits 291/1577] 132c939
  [commits 292/1577] 21c58e1
  [commits 293/1577] b54c251
  [commits 294/1577] 6c3d8e3
  [commits 295/1577] a8a2f8c
  [commits 296/1577] 34733d3
  [commits 297/1577] fa9138c
  [commits 298/1577] 4a08ca2
  [commits 299/1577] f1327e8
  [commits 300/1577] 65acb12
  [commits 301/1577] 3ea1f83
  [commits 302/1577] 5a56a49
  [commits 303/1577] ea6043b
  [commits 304/1577] 8f3603a
  [commits 305/1577] 141e345
  [commits 306/1577] b51165a
  [commits 307/1577] 4ac8a48
  [commits 308/1577] 6936348
  [commits 309/1577] 1291a92
  [commits 310/1577] 9d2e3c0
  [commits 311/1577] d8bf22c
  [commits 312/1577] a448fb9
  [commits 313/1577] 6b8daf8
  [commits 314/1577] 6459ef2
  [commits 315/1577] 6616aee
  [commits 316/1577] 6aa65cf
  [commits 317/1577] fd80c2b
  [commits 318/1577] bf446f3
  [commits 319/1577] b7518ff
  [commits 320/1577] 38cd8c4
  [commits 321/1577] c235158
  [commits 322/1577] c2d61f7
  [commits 323/1577] ea5d7dd
  [commits 324/1577] 72cfc63
  [commits 325/1577] 594780c
  [commits 326/1577] 070ea97
  [commits 327/1577] eaa2d0b
  [commits 328/1577] 3d52bc4
  [commits 329/1577] 067cd1b
  [commits 330/1577] a8fdb0d
  [commits 331/1577] 2ed5818
  [commits 332/1577] 9c37e8d
  [commits 333/1577] 47d1d6a
  [commits 334/1577] 1eeefe9
  [commits 335/1577] c324608
  [commits 336/1577] ff26b35
  [commits 337/1577] eb0b071
  [commits 338/1577] 9b8f852
  [commits 339/1577] b501ba6
  [commits 340/1577] 38c1f64
  [commits 341/1577] ce2caa6
  [commits 342/1577] 5812e5a
  [commits 343/1577] 4d36946
  [commits 344/1577] aa1af92
  [commits 345/1577] c84b2eb
  [commits 346/1577] 62078a5
  [commits 347/1577] 2210e75
  [commits 348/1577] ab66742
  [commits 349/1577] 8c9f170
  [commits 350/1577] c91f203
  [commits 351/1577] f62e695
  [commits 352/1577] 059f30d
  [commits 353/1577] 5376358
  [commits 354/1577] c4841e0
  [commits 355/1577] 0b32f44
  [commits 356/1577] 7a849f3
  [commits 357/1577] 7808a2e
  [commits 358/1577] 61ebe5d
  [commits 359/1577] 3662240
  [commits 360/1577] a4dced7
  [commits 361/1577] 79e7d31
  [commits 362/1577] 1aa76f7
  [commits 363/1577] fbc05d4
  [commits 364/1577] 670ff1a
  [commits 365/1577] 22c9659
  [commits 366/1577] 6cab295
  [commits 367/1577] 91b10b2
  [commits 368/1577] 66167f4
  [commits 369/1577] d452edc
  [commits 370/1577] 5b1abab
  [commits 371/1577] bf627f0
  [commits 372/1577] e8ab481
  [commits 373/1577] 3205712
  [commits 374/1577] f67637b
  [commits 375/1577] e6de85b
  [commits 376/1577] 6a03c60
  [commits 377/1577] 21c705d
  [commits 378/1577] 3f3771b
  [commits 379/1577] 5fc240e
  [commits 380/1577] 907593a
  [commits 381/1577] 7fa2a17
  [commits 382/1577] 8d34730
  [commits 383/1577] cdf85fd
  [commits 384/1577] e1a65ae
  [commits 385/1577] 9b468cf
  [commits 386/1577] c9ba053
  [commits 387/1577] ec7cc1f
  [commits 388/1577] 686c93d
  [commits 389/1577] 1f23d47
  [commits 390/1577] b95f3f8
  [commits 391/1577] 7988945
  [commits 392/1577] 26864fe
  [commits 393/1577] 1dfdd6b
  [commits 394/1577] d746002
  [commits 395/1577] 6da9f6e
  [commits 396/1577] d1718af
  [commits 397/1577] cf4de4c
  [commits 398/1577] abcf4ab
  [commits 399/1577] eb9cc65
  [commits 400/1577] a05de50
  [commits 401/1577] 1ab0753
  [commits 402/1577] 47c46a1
  [commits 403/1577] 81cee18
  [commits 404/1577] f1853e5
  [commits 405/1577] 38bb7c4
  [commits 406/1577] 00db393
  [commits 407/1577] d8cc93d
  [commits 408/1577] d05be4e
  [commits 409/1577] b0ba4be
  [commits 410/1577] 2adda3c
  [commits 411/1577] 29cae8f
  [commits 412/1577] 3644ffd
  [commits 413/1577] bdb1677
  [commits 414/1577] a018ca2
  [commits 415/1577] 39ce68e
  [commits 416/1577] c604bae
  [commits 417/1577] 689bbcb
  [commits 418/1577] 73e6d94
  [commits 419/1577] 2ecbdaa
  [commits 420/1577] 8d8e8ee
  [commits 421/1577] 6cd4bd2
  [commits 422/1577] 3bbe990
  [commits 423/1577] 0a7da2f
  [commits 424/1577] b7a6479
  [commits 425/1577] 16308a9
  [commits 426/1577] d871d96
  [commits 427/1577] 4eb5a16
  [commits 428/1577] 447d92e
  [commits 429/1577] a2cff4c
  [commits 430/1577] f03297e
  [commits 431/1577] b258d94
  [commits 432/1577] 5a26ebc
  [commits 433/1577] 7d4c4be
  [commits 434/1577] 18f50d1
  [commits 435/1577] baf175e
  [commits 436/1577] 8e48a84
  [commits 437/1577] 54adab5
  [commits 438/1577] 702c0c8
  [commits 439/1577] e871af4
  [commits 440/1577] 7d62a2f
  [commits 441/1577] 871c064
  [commits 442/1577] a93faf1
  [commits 443/1577] 7549946
  [commits 444/1577] a6916cb
  [commits 445/1577] a05af86
  [commits 446/1577] 60e746f
  [commits 447/1577] c1e890a
  [commits 448/1577] 82ac088
  [commits 449/1577] 855b6f8
  [commits 450/1577] 0c1b00c
  [commits 451/1577] 8f52532
  [commits 452/1577] c05649a
  [commits 453/1577] cd5c00f
  [commits 454/1577] 780b46c
  [commits 455/1577] d12230f
  [commits 456/1577] 4c3081e
  [commits 457/1577] 04a5586
  [commits 458/1577] ba7f16d
  [commits 459/1577] bb7495f
  [commits 460/1577] 157d25b
  [commits 461/1577] 62a3c4e
  [commits 462/1577] 2aa15d7
  [commits 463/1577] 7d41f8d
  [commits 464/1577] f45c859
  [commits 465/1577] 64b77d4
  [commits 466/1577] 6a2bdad
  [commits 467/1577] f768372
  [commits 468/1577] b635939
  [commits 469/1577] 0277f7c
  [commits 470/1577] ec23c5e
  [commits 471/1577] 064096e
  [commits 472/1577] 10a128c
  [commits 473/1577] 73c43ec
  [commits 474/1577] bf8d412
  [commits 475/1577] 1ca5e3a
  [commits 476/1577] 56d6710
  [commits 477/1577] ac97adc
  [commits 478/1577] 5afba7d
  [commits 479/1577] fed4ed0
  [commits 480/1577] 4dddb71
  [commits 481/1577] 1f9e2cc
  [commits 482/1577] 9bfdced
  [commits 483/1577] 6d8a43e
  [commits 484/1577] ef70a2a
  [commits 485/1577] 47bb9da
  [commits 486/1577] eab06fd
  [commits 487/1577] 159cc80
  [commits 488/1577] d3df129
  [commits 489/1577] 1691300
  [commits 490/1577] 2c2c92e
  [commits 491/1577] e65b4b9
  [commits 492/1577] b4ec3dc
  [commits 493/1577] b8e4274
  [commits 494/1577] 8a2094e
  [commits 495/1577] bb28a7e
  [commits 496/1577] d37307c
  [commits 497/1577] 3fbf3b8
  [commits 498/1577] cd3814c
  [commits 499/1577] 9ec4e6c
  [commits 500/1577] 34be43f
  [commits 501/1577] 0f2619d
  [commits 502/1577] 4824ee3
  [commits 503/1577] 0fb07ba
  [commits 504/1577] a9c7bf8
  [commits 505/1577] a2ec438
  [commits 506/1577] 321020f
  [commits 507/1577] fdd9860
  [commits 508/1577] db4580f
  [commits 509/1577] a9e6eb8
  [commits 510/1577] 2893a2b
  [commits 511/1577] f55f92f
  [commits 512/1577] 57301d9
  [commits 513/1577] e5f74ef
  [commits 514/1577] 31c08a3
  [commits 515/1577] 8e4aab1
  [commits 516/1577] b5e769a
  [commits 517/1577] 452581d
  [commits 518/1577] eb440b1
  [commits 519/1577] 00782a9
  [commits 520/1577] 1a71a7b
  [commits 521/1577] b2dfaa8
  [commits 522/1577] 2d4f589
  [commits 523/1577] f961730
  [commits 524/1577] 575f2ea
  [commits 525/1577] 9c7a5fd
  [commits 526/1577] 8504d51
  [commits 527/1577] 1e6c42b
  [commits 528/1577] e0fcaef
  [commits 529/1577] 0a5d4fb
  [commits 530/1577] 20d6294
  [commits 531/1577] c98e77c
  [commits 532/1577] b713e85
  [commits 533/1577] 1c05bfc
  [commits 534/1577] 45fd090
  [commits 535/1577] 3202098
  [commits 536/1577] 87c0560
  [commits 537/1577] e144ef9
  [commits 538/1577] 85685b5
  [commits 539/1577] af568ef
  [commits 540/1577] 8121849
  [commits 541/1577] 8cc7eaf
  [commits 542/1577] 42e1b60
  [commits 543/1577] 3326167
  [commits 544/1577] a8f27f8
  [commits 545/1577] e034659
  [commits 546/1577] e61b88b
  [commits 547/1577] 742bf7d
  [commits 548/1577] 62a69d9
  [commits 549/1577] 2919358
  [commits 550/1577] f378e01
  [commits 551/1577] cd5d36d
  [commits 552/1577] 0d33262
  [commits 553/1577] dd4569b
  [commits 554/1577] 94a4b4b
  [commits 555/1577] 54fe37e
  [commits 556/1577] 8a6e24c
  [commits 557/1577] 6e4cfe0
  [commits 558/1577] f48ac6b
  [commits 559/1577] d515197
  [commits 560/1577] 222a601
  [commits 561/1577] b86228c
  [commits 562/1577] f82ae1d
  [commits 563/1577] e6d605a
  [commits 564/1577] c118afa
  [commits 565/1577] 2177f92
  [commits 566/1577] 0dc3962
  [commits 567/1577] aa45320
  [commits 568/1577] cfceea5
  [commits 569/1577] 3bf5a50
  [commits 570/1577] c61404a
  [commits 571/1577] cbac187
  [commits 572/1577] 262f5df
  [commits 573/1577] bc21815
  [commits 574/1577] 4f5cd4b
  [commits 575/1577] fbf2939
  [commits 576/1577] 70bf7c5
  [commits 577/1577] f640f6d
  [commits 578/1577] 4b93e0c
  [commits 579/1577] 18ee1f5
  [commits 580/1577] d558e90
  [commits 581/1577] bc04a3e
  [commits 582/1577] 42441d1
  [commits 583/1577] 26a5c5a
  [commits 584/1577] 8ece544
  [commits 585/1577] 742d229
  [commits 586/1577] b4ed639
  [commits 587/1577] 22cf4a1
  [commits 588/1577] 164439c
  [commits 589/1577] 74539cd
  [commits 590/1577] 5dd8f6c
  [commits 591/1577] 2bb61e9
  [commits 592/1577] a06da01
  [commits 593/1577] 04d134a
  [commits 594/1577] 8c4e245
  [commits 595/1577] 8b0b7ad
  [commits 596/1577] 4c0df1f
  [commits 597/1577] e0196d9
  [commits 598/1577] ea19be5
  [commits 599/1577] 9eb8f21
  [commits 600/1577] 2679037
  [commits 601/1577] a7319ee
  [commits 602/1577] ad04db6
  [commits 603/1577] f9be5f0
  [commits 604/1577] 7d4891f
  [commits 605/1577] 3ec222e
  [commits 606/1577] ba32b02
  [commits 607/1577] d281726
  [commits 608/1577] aa8e1fc
  [commits 609/1577] f2006f5
  [commits 610/1577] 6e41151
  [commits 611/1577] a4716a2
  [commits 612/1577] f2fe68d
  [commits 613/1577] 5e3e319
  [commits 614/1577] 2686e93
  [commits 615/1577] d56242b
  [commits 616/1577] daf018f
  [commits 617/1577] f71342d
  [commits 618/1577] ebced96
  [commits 619/1577] 60cd5a8
  [commits 620/1577] 5dc8134
  [commits 621/1577] f5483b0
  [commits 622/1577] 9d5ca29
  [commits 623/1577] bf14b71
  [commits 624/1577] 3d3c1b7
  [commits 625/1577] 5bc8f89
  [commits 626/1577] 4964948
  [commits 627/1577] 85c5a74
  [commits 628/1577] cf84e01
  [commits 629/1577] d618bb1
  [commits 630/1577] 8acd1f1
  [commits 631/1577] 7416509
  [commits 632/1577] bea3e1d
  [commits 633/1577] e3df890
  [commits 634/1577] 253d716
  [commits 635/1577] e287e40
  [commits 636/1577] 7249826
  [commits 637/1577] 1c9e3ee
  [commits 638/1577] 6276d0c
  [commits 639/1577] 8fbe04d
  [commits 640/1577] 5dab038
  [commits 641/1577] 7e9a5cb
  [commits 642/1577] 8bb0ccb
  [commits 643/1577] f8b32a9
  [commits 644/1577] b704037
  [commits 645/1577] c093d53
  [commits 646/1577] 145f777
  [commits 647/1577] bc41f21
  [commits 648/1577] e801767
  [commits 649/1577] fa495c2
  [commits 650/1577] 3a83cd6
  [commits 651/1577] d6338a0
  [commits 652/1577] 27e1d8e
  [commits 653/1577] ef71c0b
  [commits 654/1577] 20402e5
  [commits 655/1577] ac39099
  [commits 656/1577] f1ca056
  [commits 657/1577] 0afc9ae
  [commits 658/1577] dd68d22
  [commits 659/1577] d6ff92b
  [commits 660/1577] f225f71
  [commits 661/1577] 0ac1771
  [commits 662/1577] 5c0b414
  [commits 663/1577] 053558f
  [commits 664/1577] 1b27673
  [commits 665/1577] 9e42102
  [commits 666/1577] 696671e
  [commits 667/1577] 82d0ea4
  [commits 668/1577] 83ced28
  [commits 669/1577] 5d85982
  [commits 670/1577] da6303d
  [commits 671/1577] 6ee3f70
  [commits 672/1577] 39bb2af
  [commits 673/1577] 5a26ea9
  [commits 674/1577] ec2e854
  [commits 675/1577] 949a924
  [commits 676/1577] 0f53001
  [commits 677/1577] 36ed6a8
  [commits 678/1577] 8f5649e
  [commits 679/1577] 916d781
  [commits 680/1577] 627a1ac
  [commits 681/1577] f0fc752
  [commits 682/1577] b2906e9
  [commits 683/1577] e180e5d
  [commits 684/1577] a5d5f6f
  [commits 685/1577] 01302b5
  [commits 686/1577] 4eaab51
  [commits 687/1577] 9eb1c29
  [commits 688/1577] 354fbcf
  [commits 689/1577] 5c3b67b
  [commits 690/1577] 636cf3f
  [commits 691/1577] 78c4122
  [commits 692/1577] 905ac62
  [commits 693/1577] 5d39f95
  [commits 694/1577] 4fca506
  [commits 695/1577] fbca878
  [commits 696/1577] 5112bfe
  [commits 697/1577] 3855de2
  [commits 698/1577] 73183ed
  [commits 699/1577] 0690f57
  [commits 700/1577] d7c87de
  [commits 701/1577] 8f8b520
  [commits 702/1577] 592109e
  [commits 703/1577] 049782c
  [commits 704/1577] c8670bd
  [commits 705/1577] 6fbf478
  [commits 706/1577] b6dd0bf
  [commits 707/1577] 57a7af4
  [commits 708/1577] 883d1c4
  [commits 709/1577] 08c5563
  [commits 710/1577] e78c6d2
  [commits 711/1577] 5d84ebc
  [commits 712/1577] 3337e07
  [commits 713/1577] 69f6d96
  [commits 714/1577] aae1275
  [commits 715/1577] 685bf8d
  [commits 716/1577] 9f8f91a
  [commits 717/1577] 9440223
  [commits 718/1577] ec5d817
  [commits 719/1577] 3245ee6
  [commits 720/1577] 4c7986f
  [commits 721/1577] 320d906
  [commits 722/1577] ec2950a
  [commits 723/1577] a45d092
  [commits 724/1577] aeb0b90
  [commits 725/1577] 94b2541
  [commits 726/1577] 1b67559
  [commits 727/1577] a6d09eb
  [commits 728/1577] 9c8e441
  [commits 729/1577] 36262d8
  [commits 730/1577] c1912f7
  [commits 731/1577] d9858c0
  [commits 732/1577] b7617d1
  [commits 733/1577] 9bf823e
  [commits 734/1577] a2775d9
  [commits 735/1577] 8dcdda4
  [commits 736/1577] a1ee90b
  [commits 737/1577] b9c208f
  [commits 738/1577] d3ddfae
  [commits 739/1577] 247835f
  [commits 740/1577] 7c83e83
  [commits 741/1577] 4a59a4e
  [commits 742/1577] 1d83e43
  [commits 743/1577] 080a8df
  [commits 744/1577] 6907777
  [commits 745/1577] 0ecefb8
  [commits 746/1577] fabac9f
  [commits 747/1577] ce28b9f
  [commits 748/1577] 4b83613
  [commits 749/1577] e87d858
  [commits 750/1577] 8f8587f
  [commits 751/1577] 97a7d2c
  [commits 752/1577] 4e02538
  [commits 753/1577] 0ee30f5
  [commits 754/1577] 9ac6d67
  [commits 755/1577] 6e5626a
  [commits 756/1577] d271515
  [commits 757/1577] 72c2ea0
  [commits 758/1577] 15b325b
  [commits 759/1577] 0dcb09b
  [commits 760/1577] 67e8218
  [commits 761/1577] 6ffb0e1
  [commits 762/1577] 7cb5d54
  [commits 763/1577] 4cec88c
  [commits 764/1577] 61f28aa
  [commits 765/1577] 940c5d7
  [commits 766/1577] 24baac4
  [commits 767/1577] 95f2724
  [commits 768/1577] 19d1416
  [commits 769/1577] f3c67dc
  [commits 770/1577] 5187d1b
  [commits 771/1577] 9458ffb
  [commits 772/1577] 743402c
  [commits 773/1577] 58f75ab
  [commits 774/1577] cd73341
  [commits 775/1577] 8c2697a
  [commits 776/1577] b410064
  [commits 777/1577] c516968
  [commits 778/1577] e662d7b
  [commits 779/1577] d6c7452
  [commits 780/1577] 1e915dd
  [commits 781/1577] 19cd4a0
  [commits 782/1577] 3d481d3
  [commits 783/1577] a428d64
  [commits 784/1577] b869efa
  [commits 785/1577] 4684d7a
  [commits 786/1577] 8c81762
  [commits 787/1577] 52d202e
  [commits 788/1577] c073c1c
  [commits 789/1577] 98b7cf6
  [commits 790/1577] d3791a0
  [commits 791/1577] fd73ba8
  [commits 792/1577] 5084c3e
  [commits 793/1577] d969b06
  [commits 794/1577] f963b69
  [commits 795/1577] 515da9e
  [commits 796/1577] 90491e7
  [commits 797/1577] 3545f7c
  [commits 798/1577] 1a76b92
  [commits 799/1577] fa1092e
  [commits 800/1577] 633d1be
  [commits 801/1577] 524a354
  [commits 802/1577] 2479d75
  [commits 803/1577] 4b63009
  [commits 804/1577] 43a738f
  [commits 805/1577] f118220
  [commits 806/1577] b32ae0d
  [commits 807/1577] f835ad4
  [commits 808/1577] ace92a9
  [commits 809/1577] 5762a16
  [commits 810/1577] 9d5ce29
  [commits 811/1577] 3a65f60
  [commits 812/1577] 8633561
  [commits 813/1577] b6868a7
  [commits 814/1577] 0aaf903
  [commits 815/1577] 0d6c8e4
  [commits 816/1577] c815c80
  [commits 817/1577] 6a7ef15
  [commits 818/1577] 50ca404
  [commits 819/1577] 8b7bd37
  [commits 820/1577] 8666e6c
  [commits 821/1577] a15d03c
  [commits 822/1577] 1e285ab
  [commits 823/1577] d6de27a
  [commits 824/1577] fe991d1
  [commits 825/1577] 6e589aa
  [commits 826/1577] fb90cdb
  [commits 827/1577] 8a281ad
  [commits 828/1577] 605fc80
  [commits 829/1577] 406d38f
  [commits 830/1577] be43344
  [commits 831/1577] a8e5ac3
  [commits 832/1577] 5422343
  [commits 833/1577] 4343589
  [commits 834/1577] de176d6
  [commits 835/1577] a81c83c
  [commits 836/1577] ececa74
  [commits 837/1577] a99f46f
  [commits 838/1577] 0bc1f8a
  [commits 839/1577] aa416a4
  [commits 840/1577] ee581aa
  [commits 841/1577] ea435b8
  [commits 842/1577] 0757412
  [commits 843/1577] 578befe
  [commits 844/1577] a28f67c
  [commits 845/1577] 2add318
  [commits 846/1577] 8a28cb5
  [commits 847/1577] a05c9d2
  [commits 848/1577] eb24648
  [commits 849/1577] 0f0cfb9
  [commits 850/1577] e94d0c2
  [commits 851/1577] dfcfeeb
  [commits 852/1577] bc68420
  [commits 853/1577] 248f3d3
  [commits 854/1577] 4f60299
  [commits 855/1577] 8c46c88
  [commits 856/1577] 3f67e42
  [commits 857/1577] 56b3c0f
  [commits 858/1577] 84d083b
  [commits 859/1577] f5688a6
  [commits 860/1577] 0ce8ef6
  [commits 861/1577] 9ef7c25
  [commits 862/1577] 3f81639
  [commits 863/1577] d5accde
  [commits 864/1577] 6dab05c
  [commits 865/1577] 1f81026
  [commits 866/1577] 8c9028e
  [commits 867/1577] 76f2a08
  [commits 868/1577] fed7cff
  [commits 869/1577] b300a62
  [commits 870/1577] aacb8af
  [commits 871/1577] e74d36e
  [commits 872/1577] 95de4a8
  [commits 873/1577] 99a878d
  [commits 874/1577] 602f4e6
  [commits 875/1577] fb53b92
  [commits 876/1577] 5b1d165
  [commits 877/1577] 57078dc
  [commits 878/1577] d43c1b0
  [commits 879/1577] 9fe4a3f
  [commits 880/1577] 207b996
  [commits 881/1577] 46ad9f0
  [commits 882/1577] 6b7d51f
  [commits 883/1577] 7b30cc4
  [commits 884/1577] 99c65fc
  [commits 885/1577] a0bcbdf
  [commits 886/1577] 0a96a38
  [commits 887/1577] ba8adaf
  [commits 888/1577] 9e24bd9
  [commits 889/1577] 4243c10
  [commits 890/1577] 101809c
  [commits 891/1577] 2293a85
  [commits 892/1577] 31f76da
  [commits 893/1577] 1f9eeb9
  [commits 894/1577] 3a08b92
  [commits 895/1577] 1261052
  [commits 896/1577] 10e103f
  [commits 897/1577] 6151258
  [commits 898/1577] d47579f
  [commits 899/1577] 094b2e0
  [commits 900/1577] eca966a
  [commits 901/1577] 08d780c
  [commits 902/1577] cd681d0
  [commits 903/1577] f354e10
  [commits 904/1577] 768c6b6
  [commits 905/1577] 32767cf
  [commits 906/1577] c2388a0
  [commits 907/1577] a388167
  [commits 908/1577] c58b18e
  [commits 909/1577] 77aea4a
  [commits 910/1577] 095ffd0
  [commits 911/1577] 2205c9d
  [commits 912/1577] 69d240a
  [commits 913/1577] 5fb7896
  [commits 914/1577] 397f2d6
  [commits 915/1577] 37da940
  [commits 916/1577] ca69dd7
  [commits 917/1577] 7f39f96
  [commits 918/1577] e73390c
  [commits 919/1577] 0888066
  [commits 920/1577] 338b0de
  [commits 921/1577] 7655606
  [commits 922/1577] 417ac71
  [commits 923/1577] 90f8ed2
  [commits 924/1577] 2db0551
  [commits 925/1577] 75dd7c1
  [commits 926/1577] 9fd002a
  [commits 927/1577] 51ca859
  [commits 928/1577] 7ce3652
  [commits 929/1577] 2134748
  [commits 930/1577] 70e12fa
  [commits 931/1577] 1e1ee58
  [commits 932/1577] c7373bf
  [commits 933/1577] 826c97d
  [commits 934/1577] b0bc39b
  [commits 935/1577] 6c1f2c0
  [commits 936/1577] 4f16258
  [commits 937/1577] 75cfeca
  [commits 938/1577] 5a3bdf3
  [commits 939/1577] 14416e3
  [commits 940/1577] b2e891f
  [commits 941/1577] d933f16
  [commits 942/1577] 6480116
  [commits 943/1577] 80a0caa
  [commits 944/1577] 41f299c
  [commits 945/1577] cb8e16c
  [commits 946/1577] 3d6ab09
  [commits 947/1577] c18146b
  [commits 948/1577] 7a8090b
  [commits 949/1577] f49ecc8
  [commits 950/1577] 1c9afea
  [commits 951/1577] 2d11563
  [commits 952/1577] b9cc1b5
  [commits 953/1577] 1831999
  [commits 954/1577] 6c443c6
  [commits 955/1577] 12672ac
  [commits 956/1577] 212320e
  [commits 957/1577] 834c08f
  [commits 958/1577] f0a865f
  [commits 959/1577] 8721e78
  [commits 960/1577] d654b6b
  [commits 961/1577] 8eb6e32
  [commits 962/1577] 86f0f8d
  [commits 963/1577] b79acf9
  [commits 964/1577] e9a8824
  [commits 965/1577] 56f0c89
  [commits 966/1577] a60b937
  [commits 967/1577] d44570c
  [commits 968/1577] 99e3a31
  [commits 969/1577] 44e47fc
  [commits 970/1577] c4fc32b
  [commits 971/1577] 4ab78c0
  [commits 972/1577] 38fd50e
  [commits 973/1577] 1264ddd
  [commits 974/1577] f30c003
  [commits 975/1577] c4ac79b
  [commits 976/1577] 6c5a8c9
  [commits 977/1577] f436fb1
  [commits 978/1577] 128c81d
  [commits 979/1577] 14ad643
  [commits 980/1577] f871900
  [commits 981/1577] bc32642
  [commits 982/1577] f161ef5
  [commits 983/1577] 84f3424
  [commits 984/1577] 5e951f1
  [commits 985/1577] 0130f56
  [commits 986/1577] baa3f79
  [commits 987/1577] 1f3b867
  [commits 988/1577] ebe2dba
  [commits 989/1577] cf949e2
  [commits 990/1577] 9ef7e7f
  [commits 991/1577] 101d7f6
  [commits 992/1577] 6974782
  [commits 993/1577] a7dcaa6
  [commits 994/1577] 60218ff
  [commits 995/1577] 9bae903
  [commits 996/1577] 1763e01
  [commits 997/1577] a013b59
  [commits 998/1577] f5b5232
  [commits 999/1577] afc6c6d
  [commits 1000/1577] 6f448c8
  [commits 1001/1577] e94e1eb
  [commits 1002/1577] 2d06749
  [commits 1003/1577] b79b7ad
  [commits 1004/1577] c2bf08a
  [commits 1005/1577] 02a9645
  [commits 1006/1577] d8ee39a
  [commits 1007/1577] 84c8ad6
  [commits 1008/1577] c41327a
  [commits 1009/1577] 7cd7c6e
  [commits 1010/1577] c9c8074
  [commits 1011/1577] 853d70f
  [commits 1012/1577] 2ab217b
  [commits 1013/1577] 67759d1
  [commits 1014/1577] f327bb7
  [commits 1015/1577] 19a362f
  [commits 1016/1577] 7d10c8a
  [commits 1017/1577] 55ad3bd
  [commits 1018/1577] 913ce2e
  [commits 1019/1577] 80033e1
  [commits 1020/1577] 2a69a48
  [commits 1021/1577] 9682291
  [commits 1022/1577] e3f8c16
  [commits 1023/1577] 968695b
  [commits 1024/1577] 378a813
  [commits 1025/1577] c636c2e
  [commits 1026/1577] 8b454a4
  [commits 1027/1577] 9123ca9
  [commits 1028/1577] 5f074b3
  [commits 1029/1577] 5e0b462
  [commits 1030/1577] e99659f
  [commits 1031/1577] d6fc7c9
  [commits 1032/1577] 16b1258
  [commits 1033/1577] 13252ad
  [commits 1034/1577] 19e9a1d
  [commits 1035/1577] 184c493
  [commits 1036/1577] 481b834
  [commits 1037/1577] 8408251
  [commits 1038/1577] de77075
  [commits 1039/1577] 689404b
  [commits 1040/1577] f9b11f4
  [commits 1041/1577] a46f0f1
  [commits 1042/1577] c288567
  [commits 1043/1577] ec08665
  [commits 1044/1577] 0b0e4e4
  [commits 1045/1577] 780c2af
  [commits 1046/1577] ac7b278
  [commits 1047/1577] 8051b0f
  [commits 1048/1577] 0337ecf
  [commits 1049/1577] cf1113c
  [commits 1050/1577] c909344
  [commits 1051/1577] 08935e6
  [commits 1052/1577] c837768
  [commits 1053/1577] 7d06da9
  [commits 1054/1577] 888a654
  [commits 1055/1577] 9dcac78
  [commits 1056/1577] 442a17e
  [commits 1057/1577] eca1170
  [commits 1058/1577] f9c5c87
  [commits 1059/1577] 74373bb
  [commits 1060/1577] e7c2d85
  [commits 1061/1577] a395629
  [commits 1062/1577] 42a3f08
  [commits 1063/1577] b332d57
  [commits 1064/1577] 947661c
  [commits 1065/1577] f214186
  [commits 1066/1577] 2f24c4c
  [commits 1067/1577] 908bec0
  [commits 1068/1577] e211a69
  [commits 1069/1577] 2c81116
  [commits 1070/1577] 0d32ecf
  [commits 1071/1577] 3a47bd9
  [commits 1072/1577] da77eb8
  [commits 1073/1577] be5aa32
  [commits 1074/1577] 15cd833
  [commits 1075/1577] 0e6a3a9
  [commits 1076/1577] 9f05184
  [commits 1077/1577] eeac6ea
  [commits 1078/1577] 01e4e77
  [commits 1079/1577] 60d5a05
  [commits 1080/1577] f8d82ab
  [commits 1081/1577] 6357f08
  [commits 1082/1577] 8594279
  [commits 1083/1577] 2ab16ce
  [commits 1084/1577] 131b72e
  [commits 1085/1577] 1903671
  [commits 1086/1577] b82d0f3
  [commits 1087/1577] bf88854
  [commits 1088/1577] 7019b4e
  [commits 1089/1577] 8dc0e75
  [commits 1090/1577] 7c3a04a
  [commits 1091/1577] 1793d5b
  [commits 1092/1577] db5e0e9
  [commits 1093/1577] 5dca1f4
  [commits 1094/1577] 0fc3cef
  [commits 1095/1577] 12ffc80
  [commits 1096/1577] b9fbd2a
  [commits 1097/1577] 9457462
  [commits 1098/1577] f7f57be
  [commits 1099/1577] 03af242
  [commits 1100/1577] 04c9e92
  [commits 1101/1577] 0b08399
  [commits 1102/1577] 6ce7a43
  [commits 1103/1577] 05d5123
  [commits 1104/1577] 96b98e0
  [commits 1105/1577] c507b5e
  [commits 1106/1577] 36d9a1a
  [commits 1107/1577] 3ca72c8
  [commits 1108/1577] 8d9bd6c
  [commits 1109/1577] f5fc947
  [commits 1110/1577] 54d1b5c
  [commits 1111/1577] 5fb26c0
  [commits 1112/1577] 6bb14bf
  [commits 1113/1577] e2fc366
  [commits 1114/1577] 0af7eed
  [commits 1115/1577] ac280b1
  [commits 1116/1577] 26c560f
  [commits 1117/1577] 00e606f
  [commits 1118/1577] 9ed7fb7
  [commits 1119/1577] c70fe84
  [commits 1120/1577] ebc4d2f
  [commits 1121/1577] cc6ffb9
  [commits 1122/1577] 8a7e548
  [commits 1123/1577] bd6d1b9
  [commits 1124/1577] 902972a
  [commits 1125/1577] 6c0b970
  [commits 1126/1577] 2ac722f
  [commits 1127/1577] ef139d9
  [commits 1128/1577] d5bc041
  [commits 1129/1577] 8bca2f4
  [commits 1130/1577] c085313
  [commits 1131/1577] dd8310e
  [commits 1132/1577] 0a22e23
  [commits 1133/1577] 4fa6a8e
  [commits 1134/1577] 493d41c
  [commits 1135/1577] 443bce6
  [commits 1136/1577] a1b159d
  [commits 1137/1577] 07bf841
  [commits 1138/1577] 82a5cb1
  [commits 1139/1577] 0df7d83
  [commits 1140/1577] 6830d81
  [commits 1141/1577] 2c32005
  [commits 1142/1577] e59ecdc
  [commits 1143/1577] 1592ec5
  [commits 1144/1577] f92a791
  [commits 1145/1577] 755262f
  [commits 1146/1577] 1491e44
  [commits 1147/1577] 5180b71
  [commits 1148/1577] 20f9c06
  [commits 1149/1577] 9a8f896
  [commits 1150/1577] a1abc81
  [commits 1151/1577] 259d842
  [commits 1152/1577] 7636f18
  [commits 1153/1577] a8d9140
  [commits 1154/1577] 0acf0b3
  [commits 1155/1577] ff72e98
  [commits 1156/1577] 264d9be
  [commits 1157/1577] 9e2ce1a
  [commits 1158/1577] aaba547
  [commits 1159/1577] d65a826
  [commits 1160/1577] 5506f59
  [commits 1161/1577] 3dabafc
  [commits 1162/1577] d8da8d0
  [commits 1163/1577] 6679563
  [commits 1164/1577] 8bfb2fd
  [commits 1165/1577] 4484538
  [commits 1166/1577] 488fe31
  [commits 1167/1577] c8e82ca
  [commits 1168/1577] 09c95a0
  [commits 1169/1577] a233db1
  [commits 1170/1577] 2553957
  [commits 1171/1577] b729d6a
  [commits 1172/1577] f26ab7e
  [commits 1173/1577] 41e228d
  [commits 1174/1577] 1e91960
  [commits 1175/1577] 5a11fc1
  [commits 1176/1577] 254c7dc
  [commits 1177/1577] 0b8593a
  [commits 1178/1577] e34aae1
  [commits 1179/1577] bd26616
  [commits 1180/1577] 0882a7e
  [commits 1181/1577] 106506a
  [commits 1182/1577] 6aeba4b
  [commits 1183/1577] 8f6631b
  [commits 1184/1577] 365e607
  [commits 1185/1577] f6cdbc8
  [commits 1186/1577] 3480f42
  [commits 1187/1577] 85238a4
  [commits 1188/1577] b9f7455
  [commits 1189/1577] b837e8e
  [commits 1190/1577] 70b8962
  [commits 1191/1577] f6b7862
  [commits 1192/1577] 187f644
  [commits 1193/1577] da8c357
  [commits 1194/1577] 4597087
  [commits 1195/1577] cc076db
  [commits 1196/1577] cf5d455
  [commits 1197/1577] 0b35aaa
  [commits 1198/1577] 92bfb23
  [commits 1199/1577] d870453
  [commits 1200/1577] e58960c
  [commits 1201/1577] cced2ec
  [commits 1202/1577] 20b0af5
  [commits 1203/1577] d7ea779
  [commits 1204/1577] ab39d6f
  [commits 1205/1577] 7d287cb
  [commits 1206/1577] 3f9f471
  [commits 1207/1577] 7bd661c
  [commits 1208/1577] f324ce4
  [commits 1209/1577] 28f9289
  [commits 1210/1577] 5de9512
  [commits 1211/1577] 9115f19
  [commits 1212/1577] 7a1e96f
  [commits 1213/1577] d039a04
  [commits 1214/1577] 277eb85
  [commits 1215/1577] 792683e
  [commits 1216/1577] 7113797
  [commits 1217/1577] 5b6b7ea
  [commits 1218/1577] b381a4d
  [commits 1219/1577] 3798c71
  [commits 1220/1577] 67af632
  [commits 1221/1577] 821b8aa
  [commits 1222/1577] c6cef4f
  [commits 1223/1577] 58f7af3
  [commits 1224/1577] b0d9fa7
  [commits 1225/1577] a6df43a
  [commits 1226/1577] af62e46
  [commits 1227/1577] 8d35ecd
  [commits 1228/1577] 1ae6e79
  [commits 1229/1577] a265c9c
  [commits 1230/1577] 498c788
  [commits 1231/1577] 8fde68e
  [commits 1232/1577] e860e66
  [commits 1233/1577] 8c1ca34
  [commits 1234/1577] 3d83058
  [commits 1235/1577] ca08129
  [commits 1236/1577] 0381e53
  [commits 1237/1577] 0ceb6b2
  [commits 1238/1577] 68fa97b
  [commits 1239/1577] f4a4654
  [commits 1240/1577] 23b0354
  [commits 1241/1577] 7e67cb2
  [commits 1242/1577] d04c95e
  [commits 1243/1577] 32f13c2
  [commits 1244/1577] d33e8f0
  [commits 1245/1577] abbc15a
  [commits 1246/1577] 0a5bb6f
  [commits 1247/1577] 3dc22f4
  [commits 1248/1577] 21a888e
  [commits 1249/1577] e63dabc
  [commits 1250/1577] 5011696
  [commits 1251/1577] cef9e9f
  [commits 1252/1577] 772ee57
  [commits 1253/1577] 9be612a
  [commits 1254/1577] fb21f45
  [commits 1255/1577] 0d75a08
  [commits 1256/1577] 3f160a9
  [commits 1257/1577] efc40d9
  [commits 1258/1577] c498e24
  [commits 1259/1577] bfc36b8
  [commits 1260/1577] 6853520
  [commits 1261/1577] f293098
  [commits 1262/1577] f120a9a
  [commits 1263/1577] cca9cac
  [commits 1264/1577] 38a71d4
  [commits 1265/1577] be6eaba
  [commits 1266/1577] 39d1da0
  [commits 1267/1577] 69e697b
  [commits 1268/1577] b686eef
  [commits 1269/1577] e56890e
  [commits 1270/1577] 2f80453
  [commits 1271/1577] 20e7cff
  [commits 1272/1577] 240cf05
  [commits 1273/1577] 26e6fca
  [commits 1274/1577] 44277f5
  [commits 1275/1577] 03e6c5d
  [commits 1276/1577] 81c0ef6
  [commits 1277/1577] 8be780a
  [commits 1278/1577] ebe2b8a
  [commits 1279/1577] 61032e0
  [commits 1280/1577] d239fff
  [commits 1281/1577] b5d7275
  [commits 1282/1577] 9526807
  [commits 1283/1577] c54bc21
  [commits 1284/1577] 2e76657
  [commits 1285/1577] fe7f7b8
  [commits 1286/1577] de6f263
  [commits 1287/1577] 3214487
  [commits 1288/1577] 9dc1210
  [commits 1289/1577] 7f9cf65
  [commits 1290/1577] 117c78a
  [commits 1291/1577] d016bdd
  [commits 1292/1577] a4a00f8
  [commits 1293/1577] 6bf1f86
  [commits 1294/1577] b243991
  [commits 1295/1577] c95aada
  [commits 1296/1577] 0bfb78b
  [commits 1297/1577] 69ae12f
  [commits 1298/1577] c6eb64f
  [commits 1299/1577] 4ff851a
  [commits 1300/1577] 31f5479
  [commits 1301/1577] 239ad70
  [commits 1302/1577] 7be0dd0
  [commits 1303/1577] bc90054
  [commits 1304/1577] 0a3b2f2
  [commits 1305/1577] 21ee5fe
  [commits 1306/1577] 426ed42
  [commits 1307/1577] cc5eeec
  [commits 1308/1577] f41cd6c
  [commits 1309/1577] 5bd7ecd
  [commits 1310/1577] fe89f10
  [commits 1311/1577] 1788097
  [commits 1312/1577] b091035
  [commits 1313/1577] 1643098
  [commits 1314/1577] b61c715
  [commits 1315/1577] db107be
  [commits 1316/1577] 6c78d5b
  [commits 1317/1577] 382b535
  [commits 1318/1577] 0a3853c
  [commits 1319/1577] d2d891a
  [commits 1320/1577] 883542d
  [commits 1321/1577] f47a78d
  [commits 1322/1577] 708fd95
  [commits 1323/1577] 918a172
  [commits 1324/1577] be561d8
  [commits 1325/1577] cd297a7
  [commits 1326/1577] 7cb2343
  [commits 1327/1577] 64b81af
  [commits 1328/1577] d8a4496
  [commits 1329/1577] e988f66
  [commits 1330/1577] a3c9d5b
  [commits 1331/1577] 012839b
  [commits 1332/1577] a56d32e
  [commits 1333/1577] 05b040e
  [commits 1334/1577] b989a23
  [commits 1335/1577] 13ac886
  [commits 1336/1577] cc79774
  [commits 1337/1577] 1709cfd
  [commits 1338/1577] f3e191c
  [commits 1339/1577] 7b1956d
  [commits 1340/1577] 207a0c8
  [commits 1341/1577] d37a8c1
  [commits 1342/1577] df82b4b
  [commits 1343/1577] 3ce6493
  [commits 1344/1577] fb5ef36
  [commits 1345/1577] ba27026
  [commits 1346/1577] 650d3f7
  [commits 1347/1577] 4144d5e
  [commits 1348/1577] 4247e21
  [commits 1349/1577] 9ec8267
  [commits 1350/1577] 9ad162b
  [commits 1351/1577] a51b374
  [commits 1352/1577] 04c2235
  [commits 1353/1577] b8c2cd5
  [commits 1354/1577] d41c9b2
  [commits 1355/1577] e7047c4
  [commits 1356/1577] b7143e9
  [commits 1357/1577] 157eb70
  [commits 1358/1577] b5971e1
  [commits 1359/1577] d30cded
  [commits 1360/1577] 52bac25
  [commits 1361/1577] 36a01d5
  [commits 1362/1577] c4de6ce
  [commits 1363/1577] 8db2858
  [commits 1364/1577] 6e6e6f2
  [commits 1365/1577] 52f76b3
  [commits 1366/1577] 98ece57
  [commits 1367/1577] 1b35fb8
  [commits 1368/1577] 2832090
  [commits 1369/1577] 1bddbe8
  [commits 1370/1577] 7a3427f
  [commits 1371/1577] d3a5729
  [commits 1372/1577] 591cb1e
  [commits 1373/1577] 368f61b
  [commits 1374/1577] 02bcd10
  [commits 1375/1577] 4b2f488
  [commits 1376/1577] aadf466
  [commits 1377/1577] 05e2084
  [commits 1378/1577] d1897cb
  [commits 1379/1577] 0544cbd
  [commits 1380/1577] 84d9082
  [commits 1381/1577] 824690c
  [commits 1382/1577] 4042bae
  [commits 1383/1577] 30902eb
  [commits 1384/1577] 03ed8a5
  [commits 1385/1577] 3ec6113
  [commits 1386/1577] c3fbfb7
  [commits 1387/1577] 41fbac0
  [commits 1388/1577] 4c82904
  [commits 1389/1577] 32d8023
  [commits 1390/1577] 10add77
  [commits 1391/1577] e3f8efd
  [commits 1392/1577] 6029df1
  [commits 1393/1577] 2a86964
  [commits 1394/1577] 27280b9
  [commits 1395/1577] 8369a88
  [commits 1396/1577] 7103788
  [commits 1397/1577] ff26212
  [commits 1398/1577] 3b7ebc3
  [commits 1399/1577] 83abcfb
  [commits 1400/1577] b12132e
  [commits 1401/1577] a4d54fa
  [commits 1402/1577] d3dec03
  [commits 1403/1577] 5d61f31
  [commits 1404/1577] 21875d4
  [commits 1405/1577] 28418ad
  [commits 1406/1577] 588533d
  [commits 1407/1577] 95b3712
  [commits 1408/1577] 1a396bd
  [commits 1409/1577] b178226
  [commits 1410/1577] 10f8b15
  [commits 1411/1577] 1b0fcfb
  [commits 1412/1577] 42f4243
  [commits 1413/1577] ee9824b
  [commits 1414/1577] 60f15f2
  [commits 1415/1577] 03097b6
  [commits 1416/1577] f12d484
  [commits 1417/1577] 2e7595d
  [commits 1418/1577] adb7e70
  [commits 1419/1577] 3bc0223
  [commits 1420/1577] 2cde560
  [commits 1421/1577] 4904e3e
  [commits 1422/1577] 0dce52e
  [commits 1423/1577] e564394
  [commits 1424/1577] 7d34026
  [commits 1425/1577] a2cc112
  [commits 1426/1577] 7e63179
  [commits 1427/1577] f59c8e0
  [commits 1428/1577] 5c67a21
  [commits 1429/1577] df9aa0f
  [commits 1430/1577] 44ea6b2
  [commits 1431/1577] 15a26e1
  [commits 1432/1577] 3419d1a
  [commits 1433/1577] 4e0612f
  [commits 1434/1577] f5e83b2
  [commits 1435/1577] 4d16f6b
  [commits 1436/1577] 7014cc8
  [commits 1437/1577] f6c162f
  [commits 1438/1577] 3690195
  [commits 1439/1577] 2eb6896
  [commits 1440/1577] 203457b
  [commits 1441/1577] ad49167
  [commits 1442/1577] 97a7fb2
  [commits 1443/1577] 2d94671
  [commits 1444/1577] 5ecc857
  [commits 1445/1577] 951c1a3
  [commits 1446/1577] 4833fd5
  [commits 1447/1577] 1af4ec2
  [commits 1448/1577] 4ae432e
  [commits 1449/1577] 85b2f5c
  [commits 1450/1577] 78a25b0
  [commits 1451/1577] 95efeae
  [commits 1452/1577] 25de050
  [commits 1453/1577] e5fe2b9
  [commits 1454/1577] b35ea18
  [commits 1455/1577] ec47db7
  [commits 1456/1577] cb6ae11
  [commits 1457/1577] 0ea2dba
  [commits 1458/1577] 694c225
  [commits 1459/1577] 8ad9999
  [commits 1460/1577] e710143
  [commits 1461/1577] f006651
  [commits 1462/1577] d5e628a
  [commits 1463/1577] 0ede541
  [commits 1464/1577] 8fae15d
  [commits 1465/1577] 688ee7b
  [commits 1466/1577] 164749d
  [commits 1467/1577] 4b1e7d3
  [commits 1468/1577] 1cfd5e9
  [commits 1469/1577] 2236ec9
  [commits 1470/1577] 81f9ff6
  [commits 1471/1577] 6edc974
  [commits 1472/1577] b395969
  [commits 1473/1577] d982a39
  [commits 1474/1577] 9b827f4
  [commits 1475/1577] 7b0bc7e
  [commits 1476/1577] bbc8f1e
  [commits 1477/1577] 0cc4032
  [commits 1478/1577] 9b6fcff
  [commits 1479/1577] 2d9ce0d
  [commits 1480/1577] 76f6d21
  [commits 1481/1577] aa8aed4
  [commits 1482/1577] 5bc9336
  [commits 1483/1577] b6a7fa9
  [commits 1484/1577] b915cd5
  [commits 1485/1577] f982766
  [commits 1486/1577] 8cfb6de
  [commits 1487/1577] 4f7ac7e
  [commits 1488/1577] 125087f
  [commits 1489/1577] 8a49b17
  [commits 1490/1577] e0cf28f
  [commits 1491/1577] d9a84b6
  [commits 1492/1577] 16532cc
  [commits 1493/1577] 50de647
  [commits 1494/1577] 3dbafbf
  [commits 1495/1577] 9614b20
  [commits 1496/1577] 7b4cb11
  [commits 1497/1577] ae768f2
  [commits 1498/1577] 45fc514
  [commits 1499/1577] 2ea90b1
  [commits 1500/1577] e1c708e
  [commits 1501/1577] aeea65c
  [commits 1502/1577] e6b6a10
  [commits 1503/1577] 5ec1293
  [commits 1504/1577] f434d14
  [commits 1505/1577] fb735c9
  [commits 1506/1577] c3f5502
  [commits 1507/1577] 3103925
  [commits 1508/1577] f73d279
  [commits 1509/1577] 606bf2a
  [commits 1510/1577] e657697
  [commits 1511/1577] 95c5f4b
  [commits 1512/1577] 6485146
  [commits 1513/1577] cad10e2
  [commits 1514/1577] b7357a1
  [commits 1515/1577] cc284f0
  [commits 1516/1577] cba2497
  [commits 1517/1577] 581fe08
  [commits 1518/1577] d7bff57
  [commits 1519/1577] b54cc69
  [commits 1520/1577] 224437b
  [commits 1521/1577] ce8dbef
  [commits 1522/1577] 7fae031
  [commits 1523/1577] c0a1ca8
  [commits 1524/1577] 434127f
  [commits 1525/1577] ad60edb
  [commits 1526/1577] 4e3dfbd
  [commits 1527/1577] 4ac0a69
  [commits 1528/1577] 65ccee2
  [commits 1529/1577] 63490c7
  [commits 1530/1577] cef9886
  [commits 1531/1577] 603f3c1
  [commits 1532/1577] 446f070
  [commits 1533/1577] bc084e8
  [commits 1534/1577] ad8f0a5
  [commits 1535/1577] 8981ea4
  [commits 1536/1577] cededf7
  [commits 1537/1577] e1607a9
  [commits 1538/1577] 9e6b7ae
  [commits 1539/1577] 8beead2
  [commits 1540/1577] 2c7f24a
  [commits 1541/1577] 5abd2d7
  [commits 1542/1577] 90a2fbe
  [commits 1543/1577] 0d2c0c7
  [commits 1544/1577] 5e800d5
  [commits 1545/1577] 6c1d7a3
  [commits 1546/1577] fd5a2d4
  [commits 1547/1577] 0f981f0
  [commits 1548/1577] 1451804
  [commits 1549/1577] 1555815
  [commits 1550/1577] 9518b4d
  [commits 1551/1577] 371eba9
  [commits 1552/1577] 05d0d95
  [commits 1553/1577] 8167e7b
  [commits 1554/1577] de026bb
  [commits 1555/1577] 68ab1d0
  [commits 1556/1577] 47605af
  [commits 1557/1577] e40e8ac
  [commits 1558/1577] c43d16b
  [commits 1559/1577] 3d6e948
  [commits 1560/1577] 7c9815a
  [commits 1561/1577] 6e2d5a1
  [commits 1562/1577] 2e72b2c
  [commits 1563/1577] 15430f2
  [commits 1564/1577] 49f750f
  [commits 1565/1577] b8fb136
  [commits 1566/1577] 6701a05
  [commits 1567/1577] a267761
  [commits 1568/1577] d96f9c5
  [commits 1569/1577] b2ee91f
  [commits 1570/1577] 1fe7111
  [commits 1571/1577] 862bb4c
  [commits 1572/1577] 6a6578b
  [commits 1573/1577] 2532cc0
  [commits 1574/1577] 33b0ace
  [commits 1575/1577] 0519c2d
  [commits 1576/1577] 129adbb
  [commits 1577/1577] 2430ff5
  [docs 1/1] glazed-full-overview.md

Done in 11m34.555s: 1577 commits, 1 docs, 3 snippets
GCB025_FULL_INDEX elapsed=11:34.61 maxrss=710572KB
commits
-------
1577   
symbols
-------
32263  
files
-----
2783 
key                     value
----------------------  -----
history_schema_version  3    
review_schema_version   2    
bad_symbol_file_joins
---------------------
0                    
typechoice_bad_joins
--------------------
0                   
GCB-025 full Glazed reindex finished at 2026-05-03T18:34:43-04:00
